#-----------------------------------------------------------
# PlanAhead v14.7 (64-bit)
# Build 321239 by xbuild on Fri Sep 27 19:29:51 MDT 2013
# Start of session at: Tue May 10 20:15:51 2022
# Process ID: 12900
# Log file: D:/zuchengyuanli/cuncuqi1/planAhead_run_1/planAhead.log
# Journal file: D:/zuchengyuanli/cuncuqi1/planAhead_run_1/planAhead.jou
#-----------------------------------------------------------
start_gui
source D:/zuchengyuanli/cuncuqi1/pa.fromHdl.tcl
update_compile_order -fileset sim_1
set_property iostandard LVCMOS18 [get_ports [list {LED[7]} {LED[6]} {LED[5]} {LED[4]} {LED[3]} {LED[2]} {LED[1]} {LED[0]}]]
set_property iostandard LVCMOS18 [get_ports [list {C[1]} {C[0]}]]
set_property iostandard LVCMOS18 [get_ports [list {Mem_Addr[7]} {Mem_Addr[6]} {Mem_Addr[5]} {Mem_Addr[4]} {Mem_Addr[3]} {Mem_Addr[2]}]]
set_property pulltype PULLDOWN [get_ports [list {C[1]} {C[0]}]]
set_property pulltype PULLDOWN [get_ports [list {Mem_Addr[7]} {Mem_Addr[6]} {Mem_Addr[5]} {Mem_Addr[4]} {Mem_Addr[3]} {Mem_Addr[2]}]]
set_property iostandard LVCMOS18 [get_ports [list Clk]]
set_property iostandard LVCMOS18 [get_ports [list Mem_Write]]
set_property pulltype PULLDOWN [get_ports [list Clk]]
set_property pulltype PULLDOWN [get_ports [list Mem_Write]]
startgroup
set_property package_pin R4 [get_ports Clk]
endgroup
set_property package_pin "" [get_ports [list  Mem_Write]]
startgroup
set_property package_pin T3 [get_ports {Mem_Addr[7]}]
endgroup
startgroup
set_property package_pin U3 [get_ports {Mem_Addr[6]}]
endgroup
startgroup
set_property package_pin T4 [get_ports {Mem_Addr[5]}]
endgroup
startgroup
set_property package_pin V3 [get_ports {Mem_Addr[4]}]
endgroup
startgroup
set_property package_pin V4 [get_ports {Mem_Addr[3]}]
endgroup
startgroup
set_property package_pin W4 [get_ports {Mem_Addr[2]}]
endgroup
startgroup
set_property package_pin Y4 [get_ports {C[1]}]
endgroup
startgroup
set_property package_pin Y6 [get_ports {C[0]}]
endgroup
startgroup
set_property package_pin W7 [get_ports Mem_Write]
endgroup
startgroup
set_property package_pin R1 [get_ports {LED[7]}]
endgroup
startgroup
set_property package_pin P2 [get_ports {LED[6]}]
endgroup
startgroup
set_property package_pin P1 [get_ports {LED[5]}]
endgroup
startgroup
set_property package_pin N2 [get_ports {LED[4]}]
endgroup
set_property package_pin "" [get_ports [list  {LED[2]}]]
startgroup
set_property package_pin M1 [get_ports {LED[3]}]
endgroup
startgroup
set_property package_pin M2 [get_ports {LED[2]}]
endgroup
startgroup
set_property package_pin L1 [get_ports {LED[1]}]
endgroup
startgroup
set_property package_pin J2 [get_ports {LED[0]}]
endgroup
save_constraints
